// Jest Snapshot v1, https://goo.gl/fbAQLP

exports[`Contact renders correctly 1`] = `
<article
  className=" "
  id="contact"
  style={
    Object {
      "display": "none",
    }
  }
>
  <h2
    className="major"
  >
    Contact
  </h2>
  <form
    action="mailto:mickellc@hotmail.co.uk"
    data-netlify="true"
    method="post"
  >
    <div
      className="field half first"
    >
      <label
        htmlFor="name"
      >
        Name
      </label>
      <input
        id="name"
        name="name"
        required={true}
        type="text"
      />
    </div>
    <div
      className="field half"
    >
      <label
        htmlFor="email"
      >
        Email
      </label>
      <input
        id="email"
        name="email"
        required={true}
        type="text"
      />
    </div>
    <div
      className="field"
    >
      <label
        htmlFor="message"
      >
        Message
      </label>
      <textarea
        id="message"
        name="message"
        rows="4"
      />
    </div>
    <ul
      className="actions"
    >
      <li>
        <input
          className="special"
          type="submit"
          value="Send Message"
        />
      </li>
      <li>
        <input
          type="reset"
          value="Reset"
        />
      </li>
    </ul>
  </form>
  <ul
    className="icons"
  >
    <li>
      <a
        className="icon fa-twitter"
        href="#"
      >
        <span
          className="label"
        >
          Twitter
        </span>
      </a>
    </li>
    <li>
      <a
        className="icon fa-facebook"
        href="#"
      >
        <span
          className="label"
        >
          Facebook
        </span>
      </a>
    </li>
    <li>
      <a
        className="icon fa-instagram"
        href="#"
      >
        <span
          className="label"
        >
          Instagram
        </span>
      </a>
    </li>
    <li>
      <a
        className="icon fa-github"
        href="https://github.com/mickell1"
      >
        <span
          className="label"
        >
          GitHub
        </span>
      </a>
    </li>
    <li>
      <a
        className="icon fa-linkedin"
        href="https://www.linkedin.com/in/mickcraw/"
      >
        <span
          className="label"
        >
          LinkedIn
        </span>
      </a>
    </li>
  </ul>
  <div
    className="close"
    onClick={[Function]}
  />
</article>
`;
